[www.indonez.com/html-demo/Liquid/homepage2.html]
[backblue.gif]
[fade.gif]
[index.html]
[www.indonez.com/html-demo/Liquid/js/vendors/uikit.min.js]
[www.indonez.com/html-demo/Liquid/css/vendors/uikit.min.css]
[www.indonez.com/html-demo/Liquid/css/style.css]
[www.indonez.com/html-demo/Liquid/fonts/fa-brands-400.woff2]
[www.indonez.com/html-demo/Liquid/fonts/fa-solid-900.woff2]
[www.indonez.com/html-demo/Liquid/fonts/inter-v2-latin-regular.woff2]
[www.indonez.com/html-demo/Liquid/fonts/inter-v2-latin-500.woff2]
[www.indonez.com/html-demo/Liquid/fonts/inter-v2-latin-700.woff2]
[www.indonez.com/html-demo/Liquid/favicon.ico]
[www.indonez.com/html-demo/Liquid/apple-touch-icon.png]
[www.indonez.com/html-demo/Liquid/index.html]
[www.indonez.com/html-demo/Liquid/img/in-lazy.gif]
[www.indonez.com/html-demo/Liquid/homepage3.html]
[www.indonez.com/html-demo/Liquid/homepage4.html]
[www.indonez.com/html-demo/Liquid/markets.html]
[www.indonez.com/html-demo/Liquid/about.html]
[www.indonez.com/html-demo/Liquid/blog-list.html]
[www.indonez.com/html-demo/Liquid/careers.html]
[www.indonez.com/html-demo/Liquid/contact.html]
[www.indonez.com/html-demo/Liquid/education.html]
[www.indonez.com/html-demo/Liquid/help-center.html]
[www.indonez.com/html-demo/Liquid/customers.html]
[www.indonez.com/html-demo/Liquid/roadmap.html]
[www.indonez.com/html-demo/Liquid/legal-docs.html]
[www.indonez.com/html-demo/Liquid/signin.html]
[www.indonez.com/html-demo/Liquid/img/in-liquid-slide-bg.png]
[www.indonez.com/html-demo/Liquid/img/in-liquid-7-bg.png]
[www.indonez.com/html-demo/Liquid/img/in-liquid-7-mockup.png]
[www.indonez.com/html-demo/Liquid/js/vendors/blockit.min.js]
[www.indonez.com/html-demo/Liquid/js/config-theme.js]
[www.indonez.com/html-demo/Liquid/homepage2.html]
[www.indonez.com/html-demo/Liquid/js/vendors/uikit.min.js]
[www.indonez.com/html-demo/Liquid/css/vendors/uikit.min.css]
[www.indonez.com/html-demo/Liquid/fonts/inter-v2-latin-regular.woff]
[www.indonez.com/html-demo/Liquid/fonts/inter-v2-latin-500.woff]
[www.indonez.com/html-demo/Liquid/fonts/inter-v2-latin-700.woff]
[www.indonez.com/html-demo/Liquid/fonts/fa-brands-400.woff]
[www.indonez.com/html-demo/Liquid/fonts/fa-solid-900.woff]
[www.indonez.com/html-demo/Liquid/css/style.css]
[www.indonez.com/html-demo/Liquid/img/in-liquid-card-bg.png]
[www.indonez.com/html-demo/Liquid/img/in-liquid-3-bg.png]
[www.indonez.com/html-demo/Liquid/img/in-liquid-5-bg.png]
[www.indonez.com/html-demo/Liquid/index.html]
[www.indonez.com/html-demo/Liquid/homepage3.html]
[www.indonez.com/html-demo/Liquid/homepage4.html]
[www.indonez.com/html-demo/Liquid/markets.html]
[www.indonez.com/html-demo/Liquid/img/in-team-background-1.png]
[www.indonez.com/html-demo/Liquid/img/in-team-1.png]
[www.indonez.com/html-demo/Liquid/img/in-team-2.png]
[www.indonez.com/html-demo/Liquid/img/in-team-3.png]
[www.indonez.com/html-demo/Liquid/img/in-team-4.png]
[www.indonez.com/html-demo/Liquid/about.html]
[www.indonez.com/html-demo/Liquid/img/in-blog-image-10.jpg]
[www.indonez.com/html-demo/Liquid/blog-article.html]
[www.indonez.com/html-demo/Liquid/img/in-team-5.png]
[www.indonez.com/html-demo/Liquid/img/in-team-9.png]
[www.indonez.com/html-demo/Liquid/img/in-team-8.png]
[www.indonez.com/html-demo/Liquid/img/in-widget-image-1.jpg]
[www.indonez.com/html-demo/Liquid/img/in-widget-image-2.jpg]
[www.indonez.com/html-demo/Liquid/img/in-widget-image-3.jpg]
[www.indonez.com/html-demo/Liquid/blog-list.html]
[www.indonez.com/html-demo/Liquid/img/in-gallery-image-1.jpg]
[www.indonez.com/html-demo/Liquid/img/in-gallery-image-2.jpg]
[www.indonez.com/html-demo/Liquid/img/in-gallery-image-3.jpg]
[www.indonez.com/html-demo/Liquid/img/in-gallery-image-4.jpg]
[www.indonez.com/html-demo/Liquid/img/in-gallery-image-5.jpg]
[www.indonez.com/html-demo/Liquid/img/in-gallery-image-6.jpg]
[www.indonez.com/html-demo/Liquid/careers.html]
[www.indonez.com/html-demo/Liquid/contact.html]
[www.indonez.com/html-demo/Liquid/img/in-card-background-1.jpg]
[www.indonez.com/html-demo/Liquid/education.html]
[www.indonez.com/html-demo/Liquid/img/in-content-10-image.png]
[www.indonez.com/html-demo/Liquid/img/in-team-7.png]
[www.indonez.com/html-demo/Liquid/img/in-team-6.png]
[www.indonez.com/html-demo/Liquid/help-center.html]
[www.indonez.com/html-demo/Liquid/img/in-testimoni-2.png]
[www.indonez.com/html-demo/Liquid/img/in-client-testi-1.svg]
[www.indonez.com/html-demo/Liquid/img/in-testimoni-3.png]
[www.indonez.com/html-demo/Liquid/img/in-client-testi-2.svg]
[www.indonez.com/html-demo/Liquid/img/in-client-testi-3.svg]
[www.indonez.com/html-demo/Liquid/img/in-client-testi-4.svg]
[www.indonez.com/html-demo/Liquid/img/in-client-testi-5.svg]
[www.indonez.com/html-demo/Liquid/customers.html]
[www.indonez.com/html-demo/Liquid/roadmap.html]
[www.indonez.com/html-demo/Liquid/legal-docs.html]
[www.indonez.com/html-demo/Liquid/img/in-signin-image.jpg]
[www.indonez.com/html-demo/Liquid/signin.html]
[www.indonez.com/html-demo/Liquid/js/vendors/blockit.min.js]
[www.indonez.com/html-demo/Liquid/js/config-theme.js]
[www.indonez.com/html-demo/Liquid/blog-article.html]
[www.indonez.com/html-demo/Liquid/img/in-client-testi-1.svg]
[www.indonez.com/html-demo/Liquid/img/in-client-testi-2.svg]
[www.indonez.com/html-demo/Liquid/img/in-client-testi-3.svg]
[www.indonez.com/html-demo/Liquid/img/in-client-testi-4.svg]
[www.indonez.com/html-demo/Liquid/img/in-client-testi-5.svg]
